
> ooja@0.1.0 build
> next build

Γû▓ Next.js 16.1.6 (Turbopack)

  Creating an optimized production build ...
Γ£ô Compiled successfully in 31.9s
  Running TypeScript ...
  Collecting page data using 3 workers ...
  Generating static pages using 3 workers (0/6) ...
node.exe : Error occurred 
prerendering page "/create". 
Read more: https://nextjs.org/
docs/messages/prerender-error
At line:1 char:1
+ & "C:\Program 
Files\nodejs/node.exe" 
"C:\Program 
Files\nodejs/node_mo ...
+ ~~~~~~~~~~~~~~~~~~~~~~~~~~~~
~~~~~~~~~~~~~~~~~~~~~~~~~~~~~~
~~~~~~~~~~~
    + CategoryInfo          : 
    NotSpecified: (Error occ  
  urred ...prerender-error:   
 String) [], RemoteExcepti    
on
    + FullyQualifiedErrorId : 
    NativeCommandError
 
Error: Module 16464 was 
instantiated because it was 
required from module 6659, 
but the module factory is not 
available.
    at instantiateModule (C:\U
sers\anuoluwapo\OneDrive\Deskt
op\ooja\.next\server\chunks\ss
r\[turbopack]_runtime.js:732:1
5)
    at getOrInstantiateModuleF
romParent (C:\Users\anuoluwapo
\OneDrive\Desktop\ooja\.next\s
erver\chunks\ssr\[turbopack]_r
untime.js:763:12)
    at Context.esmImport [as 
i] (C:\Users\anuoluwapo\OneDri
ve\Desktop\ooja\.next\server\c
hunks\ssr\[turbopack]_runtime.
js:228:20)
    at instantiateModule (C:\U
sers\anuoluwapo\OneDrive\Deskt
op\ooja\.next\server\chunks\ss
r\[turbopack]_runtime.js:740:9
)
    at getOrInstantiateModuleF
romParent (C:\Users\anuoluwapo
\OneDrive\Desktop\ooja\.next\s
erver\chunks\ssr\[turbopack]_r
untime.js:763:12)
    at Context.esmImport [as 
i] (C:\Users\anuoluwapo\OneDri
ve\Desktop\ooja\.next\server\c
hunks\ssr\[turbopack]_runtime.
js:228:20)
    at module evaluation (C:\U
sers\anuoluwapo\OneDrive\Deskt
op\ooja\.next\server\chunks\ss
r\[root-of-the-server]__de9a98
91._.js:1:860)
    at instantiateModule (C:\U
sers\anuoluwapo\OneDrive\Deskt
op\ooja\.next\server\chunks\ss
r\[turbopack]_runtime.js:740:9
)
    at getOrInstantiateModuleF
romParent (C:\Users\anuoluwapo
\OneDrive\Desktop\ooja\.next\s
erver\chunks\ssr\[turbopack]_r
untime.js:763:12) {
  digest: '607229849'
}
Export encountered an error 
on /create/page: /create, 
exiting the build.
Γ¿» Next.js build worker 
exited with code: 1 and 
signal: null
